// Jest Snapshot v1, https://goo.gl/fbAQLP

exports[`matches snapshot 1`] = `
<div
  data-testId="todo-1"
>
  <h1>
    <h1>
      Pizza
    </h1>
  </h1>
</div>
`;
